// Jest Snapshot v1, https://goo.gl/fbAQLP

exports[`Testing should Header component render currectly 1`] = `
<header>
  <h1>
    Damge Calculater
  </h1>
  <p>
    <NavLink
      activeClassName="is-active"
      exact={true}
      to="/"
    >
      Home
    </NavLink>
  </p>
  <p>
    <NavLink
      activeClassName="is-active"
      to="/Add"
    >
      Add
    </NavLink>
  </p>
  <p>
    <NavLink
      activeClassName="is-active"
      to="/Help"
    >
      Help
    </NavLink>
  </p>
</header>
`;
